// Jest Snapshot v1, https://goo.gl/fbAQLP

exports[`makes the bus text bold when bus in the props is true 1`] = `
<div
  className="drawer-wrapper"
>
  <div
    className="drawer-title-row"
  >
    <div
      className="drawer-title"
    >
      SchooLync
    </div>
    <div
      className="drawer-subtitle"
    >
      The Transport Company
    </div>
  </div>
  <div
    className="drawer-buttons-wrapper"
  >
    <div
      className="drawer-button"
    >
      <div
        className="drawer-button-icon"
      >
        <img
          alt="Home icon"
          src="dashboard.png"
        />
      </div>
      <div
        className="drawer-button-text"
      >
        <span>
          Dashboard
        </span>
      </div>
    </div>
    <div
      className="drawer-button"
    >
      <div
        className="drawer-button-icon"
      >
        <img
          alt="Home icon"
          src="driver.png"
        />
      </div>
      <div
        className="drawer-button-text"
      >
        <span>
          Driver
        </span>
      </div>
    </div>
    <div
      className="drawer-button"
    >
      <div
        className="drawer-button-icon"
      >
        <img
          alt="Home icon"
          src="bus.png"
        />
      </div>
      <div
        className="drawer-button-text"
      >
        <strong>
          Bus
        </strong>
      </div>
    </div>
    <div
      className="drawer-button"
    >
      <div
        className="drawer-button-icon"
      >
        <img
          alt="Home icon"
          src="trip.png"
        />
      </div>
      <div
        className="drawer-button-text"
      >
        <span>
          Trip
        </span>
      </div>
    </div>
    <div
      className="drawer-button"
    >
      <div
        className="drawer-button-icon"
      >
        <img
          alt="Home icon"
          src="parent.png"
        />
      </div>
      <div
        className="drawer-button-text"
      >
        <span>
          Parents
        </span>
      </div>
    </div>
    <div
      className="drawer-button"
    >
      <div
        className="drawer-button-icon"
      >
        <img
          alt="Home icon"
          src="student.png"
        />
      </div>
      <div
        className="drawer-button-text"
      >
        <span>
          Students
        </span>
      </div>
    </div>
    <div
      className="drawer-button"
    >
      <div
        className="drawer-button-icon"
      >
        <img
          alt="Home icon"
          src="settings.png"
        />
      </div>
      <div
        className="drawer-button-text"
      >
        <span>
          Settings
        </span>
      </div>
    </div>
    <div
      className="drawer-button"
    >
      <div
        className="drawer-button-icon"
      >
        <img
          alt="Home icon"
          src="help.png"
        />
      </div>
      <div
        className="drawer-button-text"
      >
        <span>
          Help
        </span>
      </div>
    </div>
  </div>
</div>
`;

exports[`makes the dashboard text bold when dashboard in the props is true 1`] = `
<div
  className="drawer-wrapper"
>
  <div
    className="drawer-title-row"
  >
    <div
      className="drawer-title"
    >
      SchooLync
    </div>
    <div
      className="drawer-subtitle"
    >
      The Transport Company
    </div>
  </div>
  <div
    className="drawer-buttons-wrapper"
  >
    <div
      className="drawer-button"
    >
      <div
        className="drawer-button-icon"
      >
        <img
          alt="Home icon"
          src="dashboard.png"
        />
      </div>
      <div
        className="drawer-button-text"
      >
        <strong>
          Dashboard
        </strong>
      </div>
    </div>
    <div
      className="drawer-button"
    >
      <div
        className="drawer-button-icon"
      >
        <img
          alt="Home icon"
          src="driver.png"
        />
      </div>
      <div
        className="drawer-button-text"
      >
        <span>
          Driver
        </span>
      </div>
    </div>
    <div
      className="drawer-button"
    >
      <div
        className="drawer-button-icon"
      >
        <img
          alt="Home icon"
          src="bus.png"
        />
      </div>
      <div
        className="drawer-button-text"
      >
        <span>
          Bus
        </span>
      </div>
    </div>
    <div
      className="drawer-button"
    >
      <div
        className="drawer-button-icon"
      >
        <img
          alt="Home icon"
          src="trip.png"
        />
      </div>
      <div
        className="drawer-button-text"
      >
        <span>
          Trip
        </span>
      </div>
    </div>
    <div
      className="drawer-button"
    >
      <div
        className="drawer-button-icon"
      >
        <img
          alt="Home icon"
          src="parent.png"
        />
      </div>
      <div
        className="drawer-button-text"
      >
        <span>
          Parents
        </span>
      </div>
    </div>
    <div
      className="drawer-button"
    >
      <div
        className="drawer-button-icon"
      >
        <img
          alt="Home icon"
          src="student.png"
        />
      </div>
      <div
        className="drawer-button-text"
      >
        <span>
          Students
        </span>
      </div>
    </div>
    <div
      className="drawer-button"
    >
      <div
        className="drawer-button-icon"
      >
        <img
          alt="Home icon"
          src="settings.png"
        />
      </div>
      <div
        className="drawer-button-text"
      >
        <span>
          Settings
        </span>
      </div>
    </div>
    <div
      className="drawer-button"
    >
      <div
        className="drawer-button-icon"
      >
        <img
          alt="Home icon"
          src="help.png"
        />
      </div>
      <div
        className="drawer-button-text"
      >
        <span>
          Help
        </span>
      </div>
    </div>
  </div>
</div>
`;

exports[`makes the driver text bold when driver in the props is true 1`] = `
<div
  className="drawer-wrapper"
>
  <div
    className="drawer-title-row"
  >
    <div
      className="drawer-title"
    >
      SchooLync
    </div>
    <div
      className="drawer-subtitle"
    >
      The Transport Company
    </div>
  </div>
  <div
    className="drawer-buttons-wrapper"
  >
    <div
      className="drawer-button"
    >
      <div
        className="drawer-button-icon"
      >
        <img
          alt="Home icon"
          src="dashboard.png"
        />
      </div>
      <div
        className="drawer-button-text"
      >
        <span>
          Dashboard
        </span>
      </div>
    </div>
    <div
      className="drawer-button"
    >
      <div
        className="drawer-button-icon"
      >
        <img
          alt="Home icon"
          src="driver.png"
        />
      </div>
      <div
        className="drawer-button-text"
      >
        <strong>
          Driver
        </strong>
      </div>
    </div>
    <div
      className="drawer-button"
    >
      <div
        className="drawer-button-icon"
      >
        <img
          alt="Home icon"
          src="bus.png"
        />
      </div>
      <div
        className="drawer-button-text"
      >
        <span>
          Bus
        </span>
      </div>
    </div>
    <div
      className="drawer-button"
    >
      <div
        className="drawer-button-icon"
      >
        <img
          alt="Home icon"
          src="trip.png"
        />
      </div>
      <div
        className="drawer-button-text"
      >
        <span>
          Trip
        </span>
      </div>
    </div>
    <div
      className="drawer-button"
    >
      <div
        className="drawer-button-icon"
      >
        <img
          alt="Home icon"
          src="parent.png"
        />
      </div>
      <div
        className="drawer-button-text"
      >
        <span>
          Parents
        </span>
      </div>
    </div>
    <div
      className="drawer-button"
    >
      <div
        className="drawer-button-icon"
      >
        <img
          alt="Home icon"
          src="student.png"
        />
      </div>
      <div
        className="drawer-button-text"
      >
        <span>
          Students
        </span>
      </div>
    </div>
    <div
      className="drawer-button"
    >
      <div
        className="drawer-button-icon"
      >
        <img
          alt="Home icon"
          src="settings.png"
        />
      </div>
      <div
        className="drawer-button-text"
      >
        <span>
          Settings
        </span>
      </div>
    </div>
    <div
      className="drawer-button"
    >
      <div
        className="drawer-button-icon"
      >
        <img
          alt="Home icon"
          src="help.png"
        />
      </div>
      <div
        className="drawer-button-text"
      >
        <span>
          Help
        </span>
      </div>
    </div>
  </div>
</div>
`;

exports[`makes the help text bold when help in the props is true 1`] = `
<div
  className="drawer-wrapper"
>
  <div
    className="drawer-title-row"
  >
    <div
      className="drawer-title"
    >
      SchooLync
    </div>
    <div
      className="drawer-subtitle"
    >
      The Transport Company
    </div>
  </div>
  <div
    className="drawer-buttons-wrapper"
  >
    <div
      className="drawer-button"
    >
      <div
        className="drawer-button-icon"
      >
        <img
          alt="Home icon"
          src="dashboard.png"
        />
      </div>
      <div
        className="drawer-button-text"
      >
        <span>
          Dashboard
        </span>
      </div>
    </div>
    <div
      className="drawer-button"
    >
      <div
        className="drawer-button-icon"
      >
        <img
          alt="Home icon"
          src="driver.png"
        />
      </div>
      <div
        className="drawer-button-text"
      >
        <span>
          Driver
        </span>
      </div>
    </div>
    <div
      className="drawer-button"
    >
      <div
        className="drawer-button-icon"
      >
        <img
          alt="Home icon"
          src="bus.png"
        />
      </div>
      <div
        className="drawer-button-text"
      >
        <span>
          Bus
        </span>
      </div>
    </div>
    <div
      className="drawer-button"
    >
      <div
        className="drawer-button-icon"
      >
        <img
          alt="Home icon"
          src="trip.png"
        />
      </div>
      <div
        className="drawer-button-text"
      >
        <span>
          Trip
        </span>
      </div>
    </div>
    <div
      className="drawer-button"
    >
      <div
        className="drawer-button-icon"
      >
        <img
          alt="Home icon"
          src="parent.png"
        />
      </div>
      <div
        className="drawer-button-text"
      >
        <span>
          Parents
        </span>
      </div>
    </div>
    <div
      className="drawer-button"
    >
      <div
        className="drawer-button-icon"
      >
        <img
          alt="Home icon"
          src="student.png"
        />
      </div>
      <div
        className="drawer-button-text"
      >
        <span>
          Students
        </span>
      </div>
    </div>
    <div
      className="drawer-button"
    >
      <div
        className="drawer-button-icon"
      >
        <img
          alt="Home icon"
          src="settings.png"
        />
      </div>
      <div
        className="drawer-button-text"
      >
        <span>
          Settings
        </span>
      </div>
    </div>
    <div
      className="drawer-button"
    >
      <div
        className="drawer-button-icon"
      >
        <img
          alt="Home icon"
          src="help.png"
        />
      </div>
      <div
        className="drawer-button-text"
      >
        <strong>
          Help
        </strong>
      </div>
    </div>
  </div>
</div>
`;

exports[`makes the parents text bold when parents in the props is true 1`] = `
<div
  className="drawer-wrapper"
>
  <div
    className="drawer-title-row"
  >
    <div
      className="drawer-title"
    >
      SchooLync
    </div>
    <div
      className="drawer-subtitle"
    >
      The Transport Company
    </div>
  </div>
  <div
    className="drawer-buttons-wrapper"
  >
    <div
      className="drawer-button"
    >
      <div
        className="drawer-button-icon"
      >
        <img
          alt="Home icon"
          src="dashboard.png"
        />
      </div>
      <div
        className="drawer-button-text"
      >
        <span>
          Dashboard
        </span>
      </div>
    </div>
    <div
      className="drawer-button"
    >
      <div
        className="drawer-button-icon"
      >
        <img
          alt="Home icon"
          src="driver.png"
        />
      </div>
      <div
        className="drawer-button-text"
      >
        <span>
          Driver
        </span>
      </div>
    </div>
    <div
      className="drawer-button"
    >
      <div
        className="drawer-button-icon"
      >
        <img
          alt="Home icon"
          src="bus.png"
        />
      </div>
      <div
        className="drawer-button-text"
      >
        <span>
          Bus
        </span>
      </div>
    </div>
    <div
      className="drawer-button"
    >
      <div
        className="drawer-button-icon"
      >
        <img
          alt="Home icon"
          src="trip.png"
        />
      </div>
      <div
        className="drawer-button-text"
      >
        <span>
          Trip
        </span>
      </div>
    </div>
    <div
      className="drawer-button"
    >
      <div
        className="drawer-button-icon"
      >
        <img
          alt="Home icon"
          src="parent.png"
        />
      </div>
      <div
        className="drawer-button-text"
      >
        <strong>
          Parents
        </strong>
      </div>
    </div>
    <div
      className="drawer-button"
    >
      <div
        className="drawer-button-icon"
      >
        <img
          alt="Home icon"
          src="student.png"
        />
      </div>
      <div
        className="drawer-button-text"
      >
        <span>
          Students
        </span>
      </div>
    </div>
    <div
      className="drawer-button"
    >
      <div
        className="drawer-button-icon"
      >
        <img
          alt="Home icon"
          src="settings.png"
        />
      </div>
      <div
        className="drawer-button-text"
      >
        <span>
          Settings
        </span>
      </div>
    </div>
    <div
      className="drawer-button"
    >
      <div
        className="drawer-button-icon"
      >
        <img
          alt="Home icon"
          src="help.png"
        />
      </div>
      <div
        className="drawer-button-text"
      >
        <span>
          Help
        </span>
      </div>
    </div>
  </div>
</div>
`;

exports[`makes the settings text bold when settings in the props is true 1`] = `
<div
  className="drawer-wrapper"
>
  <div
    className="drawer-title-row"
  >
    <div
      className="drawer-title"
    >
      SchooLync
    </div>
    <div
      className="drawer-subtitle"
    >
      The Transport Company
    </div>
  </div>
  <div
    className="drawer-buttons-wrapper"
  >
    <div
      className="drawer-button"
    >
      <div
        className="drawer-button-icon"
      >
        <img
          alt="Home icon"
          src="dashboard.png"
        />
      </div>
      <div
        className="drawer-button-text"
      >
        <span>
          Dashboard
        </span>
      </div>
    </div>
    <div
      className="drawer-button"
    >
      <div
        className="drawer-button-icon"
      >
        <img
          alt="Home icon"
          src="driver.png"
        />
      </div>
      <div
        className="drawer-button-text"
      >
        <span>
          Driver
        </span>
      </div>
    </div>
    <div
      className="drawer-button"
    >
      <div
        className="drawer-button-icon"
      >
        <img
          alt="Home icon"
          src="bus.png"
        />
      </div>
      <div
        className="drawer-button-text"
      >
        <span>
          Bus
        </span>
      </div>
    </div>
    <div
      className="drawer-button"
    >
      <div
        className="drawer-button-icon"
      >
        <img
          alt="Home icon"
          src="trip.png"
        />
      </div>
      <div
        className="drawer-button-text"
      >
        <span>
          Trip
        </span>
      </div>
    </div>
    <div
      className="drawer-button"
    >
      <div
        className="drawer-button-icon"
      >
        <img
          alt="Home icon"
          src="parent.png"
        />
      </div>
      <div
        className="drawer-button-text"
      >
        <span>
          Parents
        </span>
      </div>
    </div>
    <div
      className="drawer-button"
    >
      <div
        className="drawer-button-icon"
      >
        <img
          alt="Home icon"
          src="student.png"
        />
      </div>
      <div
        className="drawer-button-text"
      >
        <span>
          Students
        </span>
      </div>
    </div>
    <div
      className="drawer-button"
    >
      <div
        className="drawer-button-icon"
      >
        <img
          alt="Home icon"
          src="settings.png"
        />
      </div>
      <div
        className="drawer-button-text"
      >
        <strong>
          Settings
        </strong>
      </div>
    </div>
    <div
      className="drawer-button"
    >
      <div
        className="drawer-button-icon"
      >
        <img
          alt="Home icon"
          src="help.png"
        />
      </div>
      <div
        className="drawer-button-text"
      >
        <span>
          Help
        </span>
      </div>
    </div>
  </div>
</div>
`;

exports[`makes the students text bold when students in the props is true 1`] = `
<div
  className="drawer-wrapper"
>
  <div
    className="drawer-title-row"
  >
    <div
      className="drawer-title"
    >
      SchooLync
    </div>
    <div
      className="drawer-subtitle"
    >
      The Transport Company
    </div>
  </div>
  <div
    className="drawer-buttons-wrapper"
  >
    <div
      className="drawer-button"
    >
      <div
        className="drawer-button-icon"
      >
        <img
          alt="Home icon"
          src="dashboard.png"
        />
      </div>
      <div
        className="drawer-button-text"
      >
        <span>
          Dashboard
        </span>
      </div>
    </div>
    <div
      className="drawer-button"
    >
      <div
        className="drawer-button-icon"
      >
        <img
          alt="Home icon"
          src="driver.png"
        />
      </div>
      <div
        className="drawer-button-text"
      >
        <span>
          Driver
        </span>
      </div>
    </div>
    <div
      className="drawer-button"
    >
      <div
        className="drawer-button-icon"
      >
        <img
          alt="Home icon"
          src="bus.png"
        />
      </div>
      <div
        className="drawer-button-text"
      >
        <span>
          Bus
        </span>
      </div>
    </div>
    <div
      className="drawer-button"
    >
      <div
        className="drawer-button-icon"
      >
        <img
          alt="Home icon"
          src="trip.png"
        />
      </div>
      <div
        className="drawer-button-text"
      >
        <span>
          Trip
        </span>
      </div>
    </div>
    <div
      className="drawer-button"
    >
      <div
        className="drawer-button-icon"
      >
        <img
          alt="Home icon"
          src="parent.png"
        />
      </div>
      <div
        className="drawer-button-text"
      >
        <span>
          Parents
        </span>
      </div>
    </div>
    <div
      className="drawer-button"
    >
      <div
        className="drawer-button-icon"
      >
        <img
          alt="Home icon"
          src="student.png"
        />
      </div>
      <div
        className="drawer-button-text"
      >
        <strong>
          Students
        </strong>
      </div>
    </div>
    <div
      className="drawer-button"
    >
      <div
        className="drawer-button-icon"
      >
        <img
          alt="Home icon"
          src="settings.png"
        />
      </div>
      <div
        className="drawer-button-text"
      >
        <span>
          Settings
        </span>
      </div>
    </div>
    <div
      className="drawer-button"
    >
      <div
        className="drawer-button-icon"
      >
        <img
          alt="Home icon"
          src="help.png"
        />
      </div>
      <div
        className="drawer-button-text"
      >
        <span>
          Help
        </span>
      </div>
    </div>
  </div>
</div>
`;

exports[`makes the trip text bold when trip in the props is true 1`] = `
<div
  className="drawer-wrapper"
>
  <div
    className="drawer-title-row"
  >
    <div
      className="drawer-title"
    >
      SchooLync
    </div>
    <div
      className="drawer-subtitle"
    >
      The Transport Company
    </div>
  </div>
  <div
    className="drawer-buttons-wrapper"
  >
    <div
      className="drawer-button"
    >
      <div
        className="drawer-button-icon"
      >
        <img
          alt="Home icon"
          src="dashboard.png"
        />
      </div>
      <div
        className="drawer-button-text"
      >
        <span>
          Dashboard
        </span>
      </div>
    </div>
    <div
      className="drawer-button"
    >
      <div
        className="drawer-button-icon"
      >
        <img
          alt="Home icon"
          src="driver.png"
        />
      </div>
      <div
        className="drawer-button-text"
      >
        <span>
          Driver
        </span>
      </div>
    </div>
    <div
      className="drawer-button"
    >
      <div
        className="drawer-button-icon"
      >
        <img
          alt="Home icon"
          src="bus.png"
        />
      </div>
      <div
        className="drawer-button-text"
      >
        <span>
          Bus
        </span>
      </div>
    </div>
    <div
      className="drawer-button"
    >
      <div
        className="drawer-button-icon"
      >
        <img
          alt="Home icon"
          src="trip.png"
        />
      </div>
      <div
        className="drawer-button-text"
      >
        <strong>
          Trip
        </strong>
      </div>
    </div>
    <div
      className="drawer-button"
    >
      <div
        className="drawer-button-icon"
      >
        <img
          alt="Home icon"
          src="parent.png"
        />
      </div>
      <div
        className="drawer-button-text"
      >
        <span>
          Parents
        </span>
      </div>
    </div>
    <div
      className="drawer-button"
    >
      <div
        className="drawer-button-icon"
      >
        <img
          alt="Home icon"
          src="student.png"
        />
      </div>
      <div
        className="drawer-button-text"
      >
        <span>
          Students
        </span>
      </div>
    </div>
    <div
      className="drawer-button"
    >
      <div
        className="drawer-button-icon"
      >
        <img
          alt="Home icon"
          src="settings.png"
        />
      </div>
      <div
        className="drawer-button-text"
      >
        <span>
          Settings
        </span>
      </div>
    </div>
    <div
      className="drawer-button"
    >
      <div
        className="drawer-button-icon"
      >
        <img
          alt="Home icon"
          src="help.png"
        />
      </div>
      <div
        className="drawer-button-text"
      >
        <span>
          Help
        </span>
      </div>
    </div>
  </div>
</div>
`;

exports[`renders correctly when there is no props 1`] = `
<div
  className="drawer-wrapper"
>
  <div
    className="drawer-title-row"
  >
    <div
      className="drawer-title"
    >
      SchooLync
    </div>
    <div
      className="drawer-subtitle"
    >
      The Transport Company
    </div>
  </div>
  <div
    className="drawer-buttons-wrapper"
  >
    <div
      className="drawer-button"
    >
      <div
        className="drawer-button-icon"
      >
        <img
          alt="Home icon"
          src="dashboard.png"
        />
      </div>
      <div
        className="drawer-button-text"
      >
        <span>
          Dashboard
        </span>
      </div>
    </div>
    <div
      className="drawer-button"
    >
      <div
        className="drawer-button-icon"
      >
        <img
          alt="Home icon"
          src="driver.png"
        />
      </div>
      <div
        className="drawer-button-text"
      >
        <span>
          Driver
        </span>
      </div>
    </div>
    <div
      className="drawer-button"
    >
      <div
        className="drawer-button-icon"
      >
        <img
          alt="Home icon"
          src="bus.png"
        />
      </div>
      <div
        className="drawer-button-text"
      >
        <span>
          Bus
        </span>
      </div>
    </div>
    <div
      className="drawer-button"
    >
      <div
        className="drawer-button-icon"
      >
        <img
          alt="Home icon"
          src="trip.png"
        />
      </div>
      <div
        className="drawer-button-text"
      >
        <span>
          Trip
        </span>
      </div>
    </div>
    <div
      className="drawer-button"
    >
      <div
        className="drawer-button-icon"
      >
        <img
          alt="Home icon"
          src="parent.png"
        />
      </div>
      <div
        className="drawer-button-text"
      >
        <span>
          Parents
        </span>
      </div>
    </div>
    <div
      className="drawer-button"
    >
      <div
        className="drawer-button-icon"
      >
        <img
          alt="Home icon"
          src="student.png"
        />
      </div>
      <div
        className="drawer-button-text"
      >
        <span>
          Students
        </span>
      </div>
    </div>
    <div
      className="drawer-button"
    >
      <div
        className="drawer-button-icon"
      >
        <img
          alt="Home icon"
          src="settings.png"
        />
      </div>
      <div
        className="drawer-button-text"
      >
        <span>
          Settings
        </span>
      </div>
    </div>
    <div
      className="drawer-button"
    >
      <div
        className="drawer-button-icon"
      >
        <img
          alt="Home icon"
          src="help.png"
        />
      </div>
      <div
        className="drawer-button-text"
      >
        <span>
          Help
        </span>
      </div>
    </div>
  </div>
</div>
`;
